Master Station
Master Station
Master Station
Connected to 1143
Master Station
Master Station
Not connected to any Master Station
Not connected to any Master Station
Master Station
Not connected to any Master Station
Master Station
Master Station
Not connected to any Master Station
Master Station
Not connected to any Master Station
Master Station
Not connected to any Master Station
Not connected to any Master Station
Not connected to any Master Station
Connected to 1570
Not connected to any Master Station
Not connected to any Master Station
Connected to 1440
Master Station
Not connected to any Master Station
Master Station
Not connected to any Master Station
Master Station
Master Station
Not connected to any Master Station
Connected to 1570
Master Station
Not connected to any Master Station
Connected to 1218
Master Station
Master Station
Master Station
Connected to 1440
Master Station
Master Station
Master Station
Not connected to any Master Station
Connected to 1570
Not connected to any Master Station
Not connected to any Master Station
Master Station
Master Station
Not connected to any Master Station
Master Station
Master Station
Master Station
Master Station
Master Station
Master Station
Connected to 1218
Connected to 1143
Master Station
Not connected to any Master Station
Connected to 1440
Not connected to any Master Station
Not connected to any Master Station
Master Station
Not connected to any Master Station
Not connected to any Master Station
Connected to 1570
Connected to 1218
Master Station
Not connected to any Master Station
Not connected to any Master Station
Master Station
Master Station
Master Station
Master Station
Not connected to any Master Station
Connected to 1218
Not connected to any Master Station
Master Station
Not connected to any Master Station
Not connected to any Master Station
Master Station
Not connected to any Master Station
Not connected to any Master Station
Master Station
Master Station
Connected to 1570
Master Station
Master Station
Master Station
Not connected to any Master Station
Master Station
Master Station
Connected to 1440
Master Station
Not connected to any Master Station
Master Station
Master Station
Master Station
Not connected to any Master Station
Master Station
Master Station
Not connected to any Master Station
Master Station
Not connected to any Master Station
Master Station
Master Station
Not connected to any Master Station
Connected to 1570
Connected to 1440
Not connected to any Master Station
Connected to 1218
Connected to 1440
Connected to 1143
Master Station
Master Station
Connected to 1570
Not connected to any Master Station
Master Station
Not connected to any Master Station
Master Station
Master Station
Master Station
Not connected to any Master Station
Not connected to any Master Station
Not connected to any Master Station
Master Station
Master Station
Connected to 1143
Master Station
Not connected to any Master Station
Not connected to any Master Station
Not connected to any Master Station
Master Station
Connected to 1218
Connected to 1143
Master Station
Not connected to any Master Station
Master Station
Master Station
Master Station
Master Station
Master Station
Master Station
Master Station
Connected to 1570
Master Station
Master Station
Connected to 1218
Master Station
Master Station
Master Station
Master Station
Not connected to any Master Station
Master Station
Not connected to any Master Station
Connected to 1570
Master Station
Master Station
Connected to 1440
Connected to 1218
Not connected to any Master Station
Connected to 1440
Connected to 1440
Master Station
Not connected to any Master Station
Master Station
Master Station
Master Station
Connected to 1218
Master Station
Master Station
Master Station
Master Station
Not connected to any Master Station
Connected to 1440
Master Station
Master Station
Not connected to any Master Station
Not connected to any Master Station
Master Station
Not connected to any Master Station
Master Station
Master Station
Not connected to any Master Station
Master Station
Connected to 1143
Not connected to any Master Station
Master Station
Master Station
Connected to 1143
Master Station
Master Station
Connected to 1440
Connected to 1440
Master Station
Master Station
Connected to 1440
Master Station
Master Station
Master Station
Connected to 1570
Master Station
Not connected to any Master Station
Connected to 1143
Master Station
Master Station
Connected to 1218
Connected to 1218
Connected to 1218
Connected to 1143
Connected to 1143
Connected to 1143
Connected to 1218
Master Station
Master Station
Master Station
Not connected to any Master Station
Connected to 1218
Not connected to any Master Station
Master Station
Master Station
Connected to 1570
Connected to 1570
Connected to 1143
Master Station
Master Station
Not connected to any Master Station
Master Station
Connected to 1218
Connected to 1143
Master Station
Master Station
Master Station
Connected to 1218
Connected to 1143
Not connected to any Master Station
Master Station
Master Station
Master Station
Connected to 1440
Master Station
Master Station
Master Station
Master Station
Not connected to any Master Station
Connected to 1570
Connected to 1570
Master Station
Master Station
Not connected to any Master Station
Master Station
Master Station
Connected to 1143
Not connected to any Master Station
Master Station
Not connected to any Master Station
Master Station
Master Station
Not connected to any Master Station
Not connected to any Master Station
Connected to 1218
Master Station
Master Station
Master Station
Connected to 1143
Master Station
Not connected to any Master Station
Connected to 1218
Master Station
Connected to 1570
Not connected to any Master Station
Not connected to any Master Station
Not connected to any Master Station
Not connected to any Master Station
Not connected to any Master Station
Connected to 1570
Connected to 1440
Not connected to any Master Station
Connected to 1218
Master Station
Connected to 1440
Not connected to any Master Station
Master Station
Master Station
Master Station
Connected to 1570
Master Station
Connected to 1218
Not connected to any Master Station
Master Station
Not connected to any Master Station
Master Station
Master Station
Connected to 1143
Not connected to any Master Station
Not connected to any Master Station
Master Station
Master Station
Connected to 1570
Master Station
Connected to 1570
Master Station
Connected to 1440
Master Station
Connected to 1440
Master Station
Master Station
Connected to 1570
Master Station
Master Station
Master Station
Master Station
Not connected to any Master Station
Master Station
Master Station
Not connected to any Master Station
Connected to 1143
Not connected to any Master Station
Master Station
Not connected to any Master Station
Master Station
Master Station
Not connected to any Master Station
Not connected to any Master Station
Master Station
Master Station
Not connected to any Master Station
Master Station
Master Station
Connected to 1570
Not connected to any Master Station
Not connected to any Master Station
Master Station
Connected to 1570
Not connected to any Master Station
Not connected to any Master Station
Not connected to any Master Station
Not connected to any Master Station
Not connected to any Master Station
Not connected to any Master Station
Not connected to any Master Station
Master Station
Connected to 1218
Master Station
Master Station
Not connected to any Master Station
Connected to 1440
Connected to 1143
Connected to 1440
Master Station
Connected to 1440
Master Station
Connected to 1143
Master Station
Master Station
Master Station
Master Station
Connected to 1570
Connected to 1440
Master Station
Master Station
Master Station
Master Station
Master Station
Connected to 1218
Not connected to any Master Station
Master Station
Not connected to any Master Station
Master Station
Not connected to any Master Station
Connected to 1218
Connected to 1218
Connected to 1218
Master Station
Master Station
Master Station
Not connected to any Master Station
Connected to 1440
Master Station
Master Station
Connected to 1143
Master Station
Connected to 1570
Not connected to any Master Station
Connected to 1218
Master Station
Master Station
Not connected to any Master Station
Master Station
Master Station
Master Station
Connected to 1570
Not connected to any Master Station
Connected to 1440
Not connected to any Master Station
Master Station
Connected to 1218
Not connected to any Master Station
Master Station
Master Station
Master Station
Connected to 1570
Connected to 1218
Connected to 1143
Not connected to any Master Station
Master Station
Master Station
Not connected to any Master Station
Master Station
Master Station
Master Station
Not connected to any Master Station
Master Station
Connected to 1440
Master Station
Connected to 1440
Connected to 1440
Connected to 1218
Connected to 1143
Master Station
Not connected to any Master Station
Not connected to any Master Station
Connected to 1440
Master Station
Master Station
Connected to 1143
Master Station
Not connected to any Master Station
Not connected to any Master Station
Master Station
Master Station
Master Station
Not connected to any Master Station
Connected to 1570
Master Station
Master Station
Master Station
Not connected to any Master Station
Master Station
Not connected to any Master Station
Connected to 1143
Connected to 1143
Connected to 1440
Connected to 1218
Not connected to any Master Station
Not connected to any Master Station
Connected to 1570
Master Station
Connected to 1570
Master Station
Master Station
Master Station
Master Station
Not connected to any Master Station
Connected to 1440
Master Station
Connected to 1218
Master Station
Not connected to any Master Station
Connected to 1570
Master Station
Not connected to any Master Station
Master Station
Connected to 1440
Connected to 1570
Master Station
Master Station
Not connected to any Master Station
Master Station
Master Station
Not connected to any Master Station
Not connected to any Master Station
Connected to 1570
Master Station
Not connected to any Master Station
Not connected to any Master Station
Not connected to any Master Station
Master Station
Not connected to any Master Station
Master Station
Master Station
Connected to 1570
Connected to 1143
Master Station
Master Station
Connected to 1440
Master Station
Master Station
Master Station
Master Station
Master Station
Master Station
Connected to 1440
Connected to 1143
Connected to 1218
Master Station
Master Station
Connected to 1570
Not connected to any Master Station
Master Station
Master Station
Master Station
Connected to 1143
Master Station
Master Station
Not connected to any Master Station
Master Station
Not connected to any Master Station
Master Station
Connected to 1570
Connected to 1570
Master Station
Master Station
Master Station
Master Station
Master Station
Master Station
Master Station
Not connected to any Master Station
Master Station
Not connected to any Master Station
Master Station
Connected to 1570
Not connected to any Master Station
Master Station
Master Station
Master Station
Master Station
Master Station
Not connected to any Master Station
Master Station
Not connected to any Master Station
Master Station
Master Station
Master Station
Master Station
Connected to 1218
Master Station
Master Station
Master Station
Master Station
Master Station
Connected to 1143
Master Station
Not connected to any Master Station
Master Station
Not connected to any Master Station
Connected to 1143
Master Station
Connected to 1143
Master Station
Master Station
Master Station
Master Station
Master Station
Master Station
Master Station
Not connected to any Master Station
Master Station
Master Station
Master Station
Master Station
Master Station
Not connected to any Master Station
Not connected to any Master Station
Not connected to any Master Station
Master Station
Not connected to any Master Station
Master Station
Master Station
Master Station
Not connected to any Master Station
Not connected to any Master Station
Connected to 1143
Not connected to any Master Station
Master Station
Not connected to any Master Station
Master Station
Master Station
Not connected to any Master Station
Connected to 1440
Master Station
Connected to 1143
Master Station
Connected to 1143
Master Station
Master Station
Connected to 1218
Connected to 1570
Not connected to any Master Station
Connected to 1570
Master Station
Master Station
Connected to 1218
Connected to 1570
Not connected to any Master Station
Connected to 1218
Master Station
Master Station
Master Station
Not connected to any Master Station
Master Station
Master Station
Master Station
Master Station
Connected to 1218
Not connected to any Master Station
Master Station
Master Station
Master Station
Master Station
Master Station
Connected to 1570
Not connected to any Master Station
Not connected to any Master Station
Not connected to any Master Station
Connected to 1440
Master Station
Master Station
Master Station
Connected to 1218
Master Station
Connected to 1440
Master Station
Master Station
Master Station
Master Station
Master Station
Master Station
Master Station
Master Station
Not connected to any Master Station
Master Station
Master Station
Not connected to any Master Station
Master Station
Master Station
Master Station
Master Station
Master Station
Master Station
Master Station
Connected to 1218
Master Station
Master Station
Connected to 1143
Not connected to any Master Station
Connected to 1218
Not connected to any Master Station
Connected to 1440
Not connected to any Master Station
Master Station
Not connected to any Master Station
Master Station
Not connected to any Master Station
Not connected to any Master Station
Master Station
Not connected to any Master Station
Master Station
Not connected to any Master Station
Not connected to any Master Station
Not connected to any Master Station
Master Station
Not connected to any Master Station
Connected to 1570
Master Station
Master Station
Not connected to any Master Station
Master Station
Connected to 1143
Not connected to any Master Station
Not connected to any Master Station
Master Station
Master Station
Connected to 1440
Connected to 1570
Master Station
Master Station
Connected to 1440
Master Station
Master Station
Not connected to any Master Station
Not connected to any Master Station
Master Station
Connected to 1143
Master Station
Master Station
Not connected to any Master Station
Not connected to any Master Station
Connected to 1143
Connected to 1218
Not connected to any Master Station
Master Station
Connected to 1143
Connected to 1440
Not connected to any Master Station
Master Station
Master Station
Master Station
Connected to 1570
Connected to 1440
Not connected to any Master Station
Connected to 1218
Not connected to any Master Station
Connected to 1218
Master Station
Connected to 1440
Master Station
Master Station
Master Station
Not connected to any Master Station
Master Station
Master Station
Connected to 1570
Connected to 1143
Master Station
Connected to 1570
Not connected to any Master Station
Connected to 1440
Not connected to any Master Station
Connected to 1218
Connected to 1218
Master Station
Master Station
Not connected to any Master Station
Connected to 1570
Not connected to any Master Station
Master Station
Master Station
Connected to 1440
Connected to 1218
Master Station
Connected to 1218
Connected to 1218
Connected to 1218
Master Station
Master Station
Connected to 1143
Connected to 1143
Master Station
Connected to 1218
Master Station
Connected to 1143
Not connected to any Master Station
Master Station
Connected to 1440
Connected to 1440
Connected to 1143
Master Station
Master Station
Master Station
Master Station
Not connected to any Master Station
Connected to 1143
Not connected to any Master Station
Master Station
Master Station
Not connected to any Master Station
Master Station
Not connected to any Master Station
Connected to 1143
Connected to 1570
Master Station
Not connected to any Master Station
Connected to 1570
Master Station
Master Station
Master Station
Master Station
Not connected to any Master Station
Connected to 1570
Master Station
Master Station
Connected to 1440
Master Station
Not connected to any Master Station
Not connected to any Master Station
Not connected to any Master Station
Connected to 1143
Master Station
Connected to 1143
Connected to 1218
Not connected to any Master Station
Master Station
Master Station
Not connected to any Master Station
Master Station
Connected to 1218
Connected to 1570
Master Station
Master Station
Connected to 1440
Master Station
Master Station
Connected to 1143
Master Station
Connected to 1218
Master Station
Not connected to any Master Station
Master Station
Connected to 1440
Connected to 1570
Master Station
Master Station
Master Station
Connected to 1570
Master Station
Master Station
Connected to 1440
Connected to 1440
Not connected to any Master Station
Master Station
Not connected to any Master Station
Master Station
Master Station
Connected to 1570
Master Station
Not connected to any Master Station
Master Station
Master Station
Connected to 1218
Not connected to any Master Station
Connected to 1440
Master Station
Master Station
Connected to 1218
Master Station
Not connected to any Master Station
Master Station
Connected to 1218
Master Station
Connected to 1143
Master Station
Not connected to any Master Station
Master Station
Connected to 1570
Connected to 1218
Master Station
Master Station
Not connected to any Master Station
Master Station
Master Station
Not connected to any Master Station
Master Station
Not connected to any Master Station
Master Station
Master Station
Not connected to any Master Station
Master Station
Connected to 1440
Master Station
Not connected to any Master Station
Connected to 1570
Master Station
Not connected to any Master Station
Master Station
Master Station
Connected to 1440
Master Station
Master Station
Master Station
Connected to 1570
Connected to 1218
Master Station
Connected to 1218
Connected to 1143
Master Station
Connected to 1570
Connected to 1143
Master Station
Connected to 1218
Master Station
Master Station
Not connected to any Master Station
Not connected to any Master Station
Master Station
Master Station
Connected to 1143
Master Station
Connected to 1570
Master Station
Master Station
Connected to 1218
Connected to 1570
Connected to 1440
Connected to 1143
Not connected to any Master Station
Master Station
Not connected to any Master Station
Not connected to any Master Station
Not connected to any Master Station
Not connected to any Master Station
Connected to 1143
Master Station
Master Station
Master Station
Master Station
Connected to 1143
Master Station
Not connected to any Master Station
Not connected to any Master Station
Master Station
Connected to 1143
Connected to 1440
Not connected to any Master Station
Connected to 1570
Not connected to any Master Station
Master Station
Master Station
Master Station
Master Station
Master Station
Master Station
Master Station
Master Station
Master Station
Master Station
Master Station
Master Station
Connected to 1570
Master Station
Master Station
Not connected to any Master Station
Master Station
Master Station
Not connected to any Master Station
Connected to 1570
Not connected to any Master Station
Master Station
Master Station
Not connected to any Master Station
Master Station
Connected to 1440
Master Station
Master Station
Not connected to any Master Station
Master Station
Connected to 1218
Connected to 1143
Master Station
Not connected to any Master Station
Master Station
Connected to 1440
Master Station
Not connected to any Master Station
Not connected to any Master Station
Master Station
Master Station
Master Station
Master Station
Connected to 1570
Master Station
Master Station
Master Station
Not connected to any Master Station
Not connected to any Master Station
Not connected to any Master Station
Master Station
Master Station
Not connected to any Master Station
Connected to 1440
Not connected to any Master Station
Master Station
Not connected to any Master Station
Master Station
Not connected to any Master Station
Not connected to any Master Station
Master Station
Connected to 1218
Not connected to any Master Station
Connected to 1143
Not connected to any Master Station
Master Station
Not connected to any Master Station
Master Station
Master Station
Not connected to any Master Station
Master Station
Master Station
Not connected to any Master Station
Not connected to any Master Station
Master Station
Connected to 1143
Connected to 1218
Not connected to any Master Station
Connected to 1440
Master Station
Master Station
Connected to 1143
Not connected to any Master Station
Master Station
Connected to 1570
Not connected to any Master Station
Not connected to any Master Station
Not connected to any Master Station
Connected to 1440
Master Station
Connected to 1218
Not connected to any Master Station
Connected to 1218
Master Station
Master Station
Master Station
Not connected to any Master Station
Master Station
Not connected to any Master Station
Master Station
Master Station
Master Station
Master Station
Not connected to any Master Station
Master Station
Master Station
Not connected to any Master Station
Not connected to any Master Station
Connected to 1570
Not connected to any Master Station
Master Station
Connected to 1440
Not connected to any Master Station
Master Station
Connected to 1143
Master Station
Master Station
Connected to 1570
Connected to 1440
Connected to 1440
Master Station
Master Station
Master Station
Master Station
Master Station
Connected to 1570
Not connected to any Master Station
Connected to 1218
Master Station
Master Station
Master Station
Master Station
Not connected to any Master Station
Not connected to any Master Station
Master Station
Not connected to any Master Station
Not connected to any Master Station
Master Station
Master Station
Master Station
Master Station
Master Station
Master Station
Master Station
Not connected to any Master Station
Not connected to any Master Station
Master Station
Connected to 1143
Not connected to any Master Station
Not connected to any Master Station
Master Station
Master Station
Master Station
Master Station
Connected to 1570
Master Station
Not connected to any Master Station
Master Station
Connected to 1440
Master Station
Master Station
Master Station
Master Station
Not connected to any Master Station
Connected to 1143
Not connected to any Master Station
Connected to 1143
Master Station
Master Station
Not connected to any Master Station
Not connected to any Master Station
Master Station
Connected to 1440
Master Station
Master Station
Master Station
Master Station
Connected to 1440
Not connected to any Master Station
Not connected to any Master Station
Not connected to any Master Station
Connected to 1218
Master Station
Master Station
Master Station
Not connected to any Master Station
Master Station
Connected to 1570
Master Station
Connected to 1143
Not connected to any Master Station
Master Station
Master Station
Master Station
Master Station
Master Station
Master Station
Not connected to any Master Station
Connected to 1440
Master Station
Connected to 1143
Connected to 1570
Connected to 1218
Master Station
Master Station
Not connected to any Master Station
Connected to 1440
Connected to 1218
Not connected to any Master Station
Master Station
Connected to 1570
Master Station
Master Station
Master Station
Master Station
Master Station
Not connected to any Master Station
Master Station
Connected to 1218
Master Station
Master Station
Master Station
Master Station
Master Station
Connected to 1143
Master Station
Master Station
Not connected to any Master Station
Not connected to any Master Station
Not connected to any Master Station
Master Station
Master Station
Not connected to any Master Station
Master Station
Master Station
Connected to 1570
Master Station
Master Station
Master Station
Connected to 1440
Connected to 1570
Not connected to any Master Station
Master Station
Connected to 1570
Not connected to any Master Station
Connected to 1218
Master Station
Connected to 1143
Master Station
Master Station
Not connected to any Master Station
Master Station
Master Station
Master Station
Not connected to any Master Station
Master Station
Master Station
Master Station
Master Station
Not connected to any Master Station
Not connected to any Master Station
Connected to 1218
Not connected to any Master Station
Master Station
Master Station
Connected to 1440
Not connected to any Master Station
Master Station
Connected to 1440
Master Station
Master Station
Connected to 1143
Connected to 1570
Master Station
Master Station
Master Station
Master Station
Master Station
Master Station
Master Station
Not connected to any Master Station
Master Station
Not connected to any Master Station
Not connected to any Master Station
Connected to 1143
Master Station
Master Station
Not connected to any Master Station
Master Station
Master Station
Connected to 1143
Not connected to any Master Station
Master Station
Connected to 1570
Master Station
Connected to 1570
Master Station
Master Station
Master Station
Master Station
Connected to 1218
Connected to 1143
Not connected to any Master Station
Master Station
Not connected to any Master Station
Master Station
Not connected to any Master Station
Connected to 1440
Master Station
Not connected to any Master Station
Master Station
Master Station
Connected to 1143
Not connected to any Master Station
Connected to 1440
Master Station
Not connected to any Master Station
Master Station
Master Station
Connected to 1440
Connected to 1570
Master Station
Master Station
Master Station
Master Station
Master Station
Connected to 1218
Not connected to any Master Station
Master Station
Not connected to any Master Station
Not connected to any Master Station
Connected to 1218
Connected to 1143
Master Station
Not connected to any Master Station
Connected to 1440
Master Station
Not connected to any Master Station
Connected to 1143
Connected to 1440
Master Station
Master Station
Not connected to any Master Station
Master Station
Connected to 1218
Master Station
Not connected to any Master Station
Not connected to any Master Station
Connected to 1440
Not connected to any Master Station
Connected to 1440
Master Station
Master Station
Master Station
Not connected to any Master Station
Not connected to any Master Station
Not connected to any Master Station
Master Station
Connected to 1440
Connected to 1570
Not connected to any Master Station
Master Station
Not connected to any Master Station
Master Station
Connected to 1440
Master Station
Master Station
Master Station
Master Station
Not connected to any Master Station
Master Station
Master Station
Not connected to any Master Station
Master Station
Master Station
Not connected to any Master Station
Master Station
Connected to 1218
Not connected to any Master Station
Not connected to any Master Station
Not connected to any Master Station
Master Station
Master Station
Master Station
Master Station
Not connected to any Master Station
Connected to 1570
Master Station
Not connected to any Master Station
Master Station
Master Station
Master Station
Not connected to any Master Station
Connected to 1440
Master Station
Connected to 1143
Connected to 1143
Not connected to any Master Station
Master Station
Master Station
Master Station
Master Station
Not connected to any Master Station
Connected to 1570
Master Station
Master Station
Master Station
Master Station
Not connected to any Master Station
Not connected to any Master Station
Master Station
Not connected to any Master Station
Master Station
Connected to 1570
Master Station
Master Station
Master Station
Not connected to any Master Station
Connected to 1440
Master Station
Connected to 1440
Master Station
Not connected to any Master Station
Not connected to any Master Station
Connected to 1218
Master Station
Master Station
Connected to 1143
Connected to 1570
Not connected to any Master Station
Master Station
Not connected to any Master Station
Master Station
Not connected to any Master Station
Master Station
Not connected to any Master Station
Not connected to any Master Station
Connected to 1218
Master Station
Not connected to any Master Station
Not connected to any Master Station
Master Station
Master Station
Master Station
Connected to 1440
Connected to 1143
Not connected to any Master Station
Not connected to any Master Station
Master Station
Connected to 1570
Connected to 1440
Connected to 1570
Connected to 1218
Master Station
Master Station
Connected to 1143
Master Station
Master Station
Connected to 1143
Not connected to any Master Station
Master Station
Connected to 1440
Connected to 1570
Master Station
Master Station
Master Station
Connected to 1218
Master Station
Connected to 1143
Master Station
Not connected to any Master Station
Connected to 1570
Connected to 1218
Master Station
Not connected to any Master Station
Master Station
Master Station
Not connected to any Master Station
Master Station
Not connected to any Master Station
Master Station
Connected to 1570
Master Station
Connected to 1570
Master Station
Master Station
Master Station
Master Station
Master Station
Master Station
Master Station
Not connected to any Master Station
Master Station
Connected to 1143
Master Station
Not connected to any Master Station
Master Station
Master Station
Connected to 1570
Connected to 1570
Master Station
Master Station
Connected to 1143
Connected to 1143
Connected to 1570
Master Station
Master Station
Connected to 1143
Master Station
Not connected to any Master Station
Not connected to any Master Station
Not connected to any Master Station
Connected to 1440
Connected to 1143
Master Station
Master Station
Master Station
Master Station
Master Station
Master Station
Master Station
Connected to 1570
Master Station
Master Station
Not connected to any Master Station
Master Station
Master Station
Master Station
Master Station
Connected to 1218
Not connected to any Master Station
Not connected to any Master Station
Master Station
Master Station
Master Station
Not connected to any Master Station
Master Station
Not connected to any Master Station
Master Station
Not connected to any Master Station
Connected to 1143
Master Station
Master Station
Master Station
Master Station
Master Station
Not connected to any Master Station
Master Station
Master Station
Connected to 1440
Master Station
Master Station
Master Station
Master Station
Master Station
Connected to 1440
Master Station
Master Station
Connected to 1570
Master Station
Not connected to any Master Station
Connected to 1143
Master Station
Master Station
Master Station
Master Station
Master Station
Not connected to any Master Station
Master Station
Not connected to any Master Station
Not connected to any Master Station
Connected to 1218
Not connected to any Master Station
Master Station
Connected to 1440
Master Station
Connected to 1570
Master Station
Master Station
Connected to 1570
Not connected to any Master Station
Connected to 1440
Master Station
Connected to 1218
Master Station
Master Station
Not connected to any Master Station
Master Station
Connected to 1143
Connected to 1440
Master Station
Master Station
Master Station
Master Station
Master Station
Master Station
Master Station
Master Station
Master Station
Not connected to any Master Station
Connected to 1440
Master Station
Master Station
Master Station
Master Station
Not connected to any Master Station
Master Station
Master Station
Master Station
Not connected to any Master Station
Master Station
Not connected to any Master Station
Not connected to any Master Station
Connected to 1143
Not connected to any Master Station
Master Station
Not connected to any Master Station
Connected to 1218
Connected to 1440
Not connected to any Master Station
Master Station
Connected to 1218
Master Station
Not connected to any Master Station
Connected to 1570
Master Station
Not connected to any Master Station
Master Station
Master Station
Master Station
Connected to 1218
Connected to 1143
Not connected to any Master Station
Master Station
Master Station
Master Station
Connected to 1143
Not connected to any Master Station
Master Station
Connected to 1218
Connected to 1440
Not connected to any Master Station
Master Station
Master Station
Not connected to any Master Station
Master Station
Master Station
Connected to 1218
Master Station
Master Station
Connected to 1143
Not connected to any Master Station
Master Station
Connected to 1143
Not connected to any Master Station
Master Station
Master Station
Master Station
Connected to 1143
Connected to 1570
Not connected to any Master Station
Not connected to any Master Station
Master Station
Master Station
Connected to 1143
Connected to 1143
Master Station
Not connected to any Master Station
Not connected to any Master Station
Master Station
Master Station
Not connected to any Master Station
Master Station
Master Station
Not connected to any Master Station
Connected to 1570
Master Station
Connected to 1143
Master Station
Not connected to any Master Station
Connected to 1440
Not connected to any Master Station
Master Station
Master Station
Master Station
Master Station
Not connected to any Master Station
Master Station
Not connected to any Master Station
Not connected to any Master Station
Connected to 1143
Master Station
Master Station
Master Station
Master Station
Master Station
Connected to 1440
Master Station
Master Station
Not connected to any Master Station
Master Station
Connected to 1143
Not connected to any Master Station
Connected to 1440
Master Station
Connected to 1218
Connected to 1143
Connected to 1218
Not connected to any Master Station
Master Station
Not connected to any Master Station
Master Station
Master Station
Master Station
Not connected to any Master Station
Not connected to any Master Station
Master Station
Not connected to any Master Station
Master Station
Not connected to any Master Station
Master Station
Master Station
Master Station
Not connected to any Master Station
Master Station
Not connected to any Master Station
Master Station
Connected to 1440
Master Station
Master Station
Not connected to any Master Station
Master Station
Master Station
Master Station
Not connected to any Master Station
Master Station
Master Station
Master Station
Master Station
Connected to 1218
Master Station
Master Station
Connected to 1440
Connected to 1440
Master Station
Not connected to any Master Station
Master Station
Not connected to any Master Station
Master Station
Master Station
Connected to 1143
Connected to 1143
Master Station
Master Station
Not connected to any Master Station
Connected to 1218
Master Station
Connected to 1570
Not connected to any Master Station
Master Station
Master Station
Master Station
Connected to 1143
Not connected to any Master Station
Master Station
Master Station
Connected to 1440
Not connected to any Master Station
Master Station
Not connected to any Master Station
Master Station
Master Station
Master Station
Connected to 1218
Master Station
Connected to 1570
Master Station
Master Station
Connected to 1570
Connected to 1218
Connected to 1218
Master Station
Connected to 1570
Connected to 1440
Master Station
Master Station
Connected to 1218
Master Station
Not connected to any Master Station
Master Station
Master Station
Master Station
Not connected to any Master Station
Master Station
Connected to 1440
Connected to 1218
Master Station
Connected to 1143
Master Station
Master Station
Not connected to any Master Station
Connected to 1218
Master Station
Master Station
Master Station
Connected to 1440
Connected to 1440
Master Station
Connected to 1570
Connected to 1218
Connected to 1143
Connected to 1570
Connected to 1570
Master Station
Master Station
Not connected to any Master Station
Connected to 1570
Master Station
Connected to 1218
Master Station
Master Station
Master Station
Master Station
Connected to 1143
Not connected to any Master Station
Master Station
Connected to 1570
Connected to 1440
Connected to 1218
Connected to 1218
Connected to 1440
Master Station
Connected to 1440
Master Station
Master Station
Connected to 1440
Master Station
Not connected to any Master Station
Master Station
Master Station
Connected to 1570
Connected to 1440
Master Station
Master Station
Connected to 1440
Master Station
Master Station
Master Station
Master Station
Not connected to any Master Station
Master Station
Not connected to any Master Station
Not connected to any Master Station
Connected to 1143
Connected to 1440
Master Station
Master Station
Master Station
Master Station
Connected to 1218
Master Station
Not connected to any Master Station
Not connected to any Master Station
Not connected to any Master Station
Connected to 1440
Master Station
Master Station
Master Station
Master Station
Connected to 1218
Master Station
Master Station
Master Station
Not connected to any Master Station
Master Station
Master Station
Not connected to any Master Station
Master Station
Master Station
Not connected to any Master Station
Connected to 1440
Connected to 1440
Connected to 1218
Not connected to any Master Station
Not connected to any Master Station
Master Station
Not connected to any Master Station
Not connected to any Master Station
Connected to 1440
Master Station
Master Station
Master Station
Master Station
Master Station
Master Station
Master Station
Master Station
Connected to 1440
Master Station
Master Station
Master Station
Connected to 1440
Not connected to any Master Station
Master Station
Master Station
Not connected to any Master Station
Master Station
Master Station
Master Station
Master Station
Connected to 1440
Not connected to any Master Station
Not connected to any Master Station
Master Station
Not connected to any Master Station
Master Station
Master Station
Master Station
Master Station
Master Station
Connected to 1218
Master Station
Connected to 1440
Master Station
Connected to 1570
Master Station
Master Station
Not connected to any Master Station
Master Station
Not connected to any Master Station
Not connected to any Master Station
Master Station
Master Station
Master Station
Connected to 1218
Master Station
Connected to 1218
Connected to 1570
Connected to 1440
Not connected to any Master Station
Connected to 1218
Master Station
Master Station
Connected to 1218
Not connected to any Master Station
Master Station
Not connected to any Master Station
Connected to 1218
Master Station
Master Station
Connected to 1570
Connected to 1143
Not connected to any Master Station
Master Station
Master Station
Connected to 1440
Master Station
Master Station
Master Station
Connected to 1440
Not connected to any Master Station
Connected to 1218
Master Station
Connected to 1570
Connected to 1570
Master Station
Master Station
Master Station
Master Station
Connected to 1218
Master Station
Not connected to any Master Station
Master Station
Master Station
Not connected to any Master Station
Connected to 1570
Connected to 1218
Master Station
Not connected to any Master Station
Not connected to any Master Station
Connected to 1143
Not connected to any Master Station
Master Station
Not connected to any Master Station
Master Station
Master Station
Not connected to any Master Station
Connected to 1440
Master Station
Master Station
Master Station
Master Station
Not connected to any Master Station
Master Station
Not connected to any Master Station
Master Station
Master Station
Master Station
Master Station
Connected to 1218
Not connected to any Master Station
Master Station
Connected to 1143
Master Station
Master Station
Connected to 1440
Master Station
Not connected to any Master Station
Master Station
Master Station
Master Station
Connected to 1143
Master Station
Master Station
Connected to 1440
Master Station
Master Station
Not connected to any Master Station
Connected to 1218
Master Station
Not connected to any Master Station
Connected to 1218
Not connected to any Master Station
Master Station
Master Station
Not connected to any Master Station
Connected to 1570
Master Station
Connected to 1440
Master Station
Master Station
Master Station
Master Station
Master Station
Not connected to any Master Station
Master Station
Master Station
Master Station
Master Station
Master Station
Master Station
Master Station
Master Station
Not connected to any Master Station
Not connected to any Master Station
Master Station
Connected to 1143
Not connected to any Master Station
Connected to 1570
Master Station
Master Station
Master Station
Connected to 1218
Connected to 1440
Connected to 1143
Master Station
Master Station
Master Station
Connected to 1440
Master Station
Not connected to any Master Station
Connected to 1570
Master Station
Connected to 1570
Master Station
Connected to 1570
Master Station
Master Station
Not connected to any Master Station
Connected to 1218
Not connected to any Master Station
Master Station
Master Station
Master Station
Not connected to any Master Station
Connected to 1218
Not connected to any Master Station
Master Station
Master Station
Connected to 1143
Not connected to any Master Station
Master Station
Master Station
Connected to 1218
Connected to 1143
Connected to 1143
Not connected to any Master Station
Not connected to any Master Station
Not connected to any Master Station
Master Station
Master Station
Connected to 1570
Not connected to any Master Station
Master Station
